---
:display: scarpe-wasm
:config: wasm
:results:
  drawables/button:
    basic_click: :pass
    button_events: :pass
  drawables/para:
    para_replace: :pass
  dsl/app:
    add_drawables: :pass
  dsl/slot:
    self_slot: :pass
  legacy_examples/misc:
    speedometer_app: :error
    superleg: :error
  legacy_examples/simple:
    calc: :pass
    image: :error
  manual/examples:
    example_1: :pass
  test_code/assertions:
    fail: :error
    pass: :error
    skip: :error
  test_code/exceptions:
    raise_before_shoes_app: :error
    raise_in_shoes_app: :error
    raise_in_test_code: :error
