---
:display: niente
:config: local
:results:
  drawables/button:
    basic_click: :pass
    button_events: :pass
  drawables/para:
    para_replace: :pass
  dsl/app:
    add_drawables: :pass
  dsl/slot:
    self_slot: :pass
  legacy_examples/misc:
    speedometer_app: :pass
    superleg: :pass
  legacy_examples/simple:
    calc: :pass
    image: :pass
  manual/examples:
    example_1: :pass
